c:\dev\brisk\brisk\x64\debug\vc143.pdb
c:\dev\brisk\brisk\x64\debug\vc143.idb
c:\dev\brisk\brisk\x64\debug\graphicsdevicevulkan.obj
c:\dev\brisk\brisk\x64\debug\window.obj
c:\dev\brisk\brisk\x64\debug\engine.obj
c:\dev\brisk\brisk\x64\debug\main.obj
c:\dev\brisk\brisk\x64\debug\log.obj
c:\dev\brisk\brisk\x64\debug\vulkanutilities.obj
c:\dev\brisk\brisk\x64\debug\swapchain.obj
c:\dev\brisk\brisk\x64\debug\physicaldevice.obj
c:\dev\brisk\x64\debug\brisk.exe
c:\dev\brisk\brisk\x64\debug\brisk.ilk
c:\dev\brisk\x64\debug\brisk.pdb
c:\dev\brisk\brisk\x64\debug\brisk.tlog\cl.command.1.tlog
c:\dev\brisk\brisk\x64\debug\brisk.tlog\cl.items.tlog
c:\dev\brisk\brisk\x64\debug\brisk.tlog\cl.read.1.tlog
c:\dev\brisk\brisk\x64\debug\brisk.tlog\cl.write.1.tlog
c:\dev\brisk\brisk\x64\debug\brisk.tlog\link-cvtres.read.1.tlog
c:\dev\brisk\brisk\x64\debug\brisk.tlog\link-cvtres.write.1.tlog
c:\dev\brisk\brisk\x64\debug\brisk.tlog\link-rc.read.1.tlog
c:\dev\brisk\brisk\x64\debug\brisk.tlog\link-rc.write.1.tlog
c:\dev\brisk\brisk\x64\debug\brisk.tlog\link.38824-cvtres.read.1.tlog
c:\dev\brisk\brisk\x64\debug\brisk.tlog\link.38824-cvtres.write.1.tlog
c:\dev\brisk\brisk\x64\debug\brisk.tlog\link.38824-rc.read.1.tlog
c:\dev\brisk\brisk\x64\debug\brisk.tlog\link.38824-rc.write.1.tlog
c:\dev\brisk\brisk\x64\debug\brisk.tlog\link.38824.read.1.tlog
c:\dev\brisk\brisk\x64\debug\brisk.tlog\link.38824.read.2.tlog
c:\dev\brisk\brisk\x64\debug\brisk.tlog\link.38824.write.1.tlog
c:\dev\brisk\brisk\x64\debug\brisk.tlog\link.command.1.tlog
c:\dev\brisk\brisk\x64\debug\brisk.tlog\link.read.1.tlog
c:\dev\brisk\brisk\x64\debug\brisk.tlog\link.read.2.tlog
c:\dev\brisk\brisk\x64\debug\brisk.tlog\link.write.1.tlog
