  Engine.cpp
C:\dev\Brisk\Brisk\src\Engine\Window.hpp(100,3): warning C4091: 'static ': ignored on left of 'Brisk::WindowCreator' when no variable is declared
  (compiling source file 'src/Engine/Engine.cpp')
  
C:\dev\Brisk\Brisk\src\Engine\Engine.hpp(55,3): warning C4091: 'static ': ignored on left of 'Brisk::Engine' when no variable is declared
  (compiling source file 'src/Engine/Engine.cpp')
  
C:\dev\Brisk\Brisk\src\Graphics\Vulkan\GraphicsDeviceVulkan.hpp(38,3): warning C4091: 'static ': ignored on left of 'Brisk::GraphicsDeviceVulkan' when no variable is declared
  (compiling source file 'src/Engine/Engine.cpp')
  
  GraphicsDeviceVulkan.cpp
C:\dev\Brisk\Brisk\src\Graphics\Vulkan\GraphicsDeviceVulkan.hpp(38,3): warning C4091: 'static ': ignored on left of 'Brisk::GraphicsDeviceVulkan' when no variable is declared
  (compiling source file 'src/Graphics/Vulkan/GraphicsDeviceVulkan.cpp')
  
C:\dev\Brisk\Brisk\src\Engine\Window.hpp(100,3): warning C4091: 'static ': ignored on left of 'Brisk::WindowCreator' when no variable is declared
  (compiling source file 'src/Graphics/Vulkan/GraphicsDeviceVulkan.cpp')
  
C:\dev\Brisk\Brisk\src\Engine\Engine.hpp(55,3): warning C4091: 'static ': ignored on left of 'Brisk::Engine' when no variable is declared
  (compiling source file 'src/Graphics/Vulkan/GraphicsDeviceVulkan.cpp')
  
C:\dev\Brisk\Brisk\src\Graphics\Vulkan\VulkanUtilities.hpp(11,3): warning C4091: 'static ': ignored on left of 'Brisk::VulkanUtilities' when no variable is declared
  (compiling source file 'src/Graphics/Vulkan/GraphicsDeviceVulkan.cpp')
  
  VulkanUtilities.cpp
C:\dev\Brisk\Brisk\src\Graphics\Vulkan\VulkanUtilities.hpp(11,3): warning C4091: 'static ': ignored on left of 'Brisk::VulkanUtilities' when no variable is declared
  (compiling source file 'src/Graphics/Vulkan/VulkanUtilities.cpp')
  
C:\dev\Brisk\Brisk\src\Graphics\Vulkan\GraphicsDeviceVulkan.hpp(38,3): warning C4091: 'static ': ignored on left of 'Brisk::GraphicsDeviceVulkan' when no variable is declared
  (compiling source file 'src/Graphics/Vulkan/VulkanUtilities.cpp')
  
  Generating code
  48 of 171 functions (28.1%) were compiled, the rest were copied from previous compilation.
    10 functions were new in current compilation
    8 functions had inline decision re-evaluated but remain unchanged
  Finished generating code
  Brisk.vcxproj -> C:\dev\Brisk\x64\Release\Brisk.exe
